// Jest Snapshot v1, https://goo.gl/fbAQLP

exports[`GifItem should debe hacer match con el snpshot 1`] = `
<div>
  <div
    class="card"
  >
    <img
      alt="Angello"
      src="http://localhost/url"
    />
    <p>
      Angello
    </p>
  </div>
</div>
`;
